
ERROR: JAVA_HOME is set to an invalid directory: C:\Program Files\Common Files\Oracle\Java

Please set the JAVA_HOME variable in your environment to match the
location of your Java installation.
